TAP version 13
# (node:558443) Warning: The 'NO_COLOR' env is ignored due to the 'FORCE_COLOR' env being set.
# (Use `node --trace-warnings ...` to show where the warning was created)
# \# Isolated auth PostgreSQL container: 05339a48b312df53e58689a39261a190d69825419ad22b7889dcdf7c31d03bf0
# Subtest: OIDC requires HTTPS unless explicitly loopback; no arbitrary HTTP issuer/callback
ok 1 - OIDC requires HTTPS unless explicitly loopback; no arbitrary HTTP issuer/callback
  ---
  duration_ms: 5990.874936
  type: 'test'
  ...
# Subtest: bootstrap is explicit issuer+subject, first uninvited login cannot create user/admin, and invite consumption is atomic
ok 2 - bootstrap is explicit issuer+subject, first uninvited login cannot create user/admin, and invite consumption is atomic
  ---
  duration_ms: 1495.199729
  type: 'test'
  ...
# Subtest: login is browser-bound, one-shot and encrypted; invalid cookie cannot consume a legitimate flow
ok 3 - login is browser-bound, one-shot and encrypted; invalid cookie cannot consume a legitimate flow
  ---
  duration_ms: 1176.443343
  type: 'test'
  ...
# Subtest: OIDC checks issuer, audience, nonce, expiry, signature and PKCE with real token requests
ok 4 - OIDC checks issuer, audience, nonce, expiry, signature and PKCE with real token requests
  ---
  duration_ms: 1317.624356
  type: 'test'
  ...
# Subtest: callback origin/path, login expiry and encrypted-envelope tampering are rejected without new sessions
ok 5 - callback origin/path, login expiry and encrypted-envelope tampering are rejected without new sessions
  ---
  duration_ms: 756.768248
  type: 'test'
  ...
# Subtest: sessions and CSRF are hashed, revoked/expired accounts rejected, no cleartext audit/idempotency
ok 6 - sessions and CSRF are hashed, revoked/expired accounts rejected, no cleartext audit/idempotency
  ---
  duration_ms: 1097.956845
  type: 'test'
  ...
# Subtest: organization roles are live, emails do not identify accounts, review needs assigned scope and prohibits self-review
ok 7 - organization roles are live, emails do not identify accounts, review needs assigned scope and prohibits self-review
  ---
  duration_ms: 2097.417236
  type: 'test'
  ...
# Subtest: invitation revocation/expiry and disabled organization take effect before callback membership admission
ok 8 - invitation revocation/expiry and disabled organization take effect before callback membership admission
  ---
  duration_ms: 1574.246016
  type: 'test'
  ...
# Subtest: transactional permission locks prevent revoke racing a business commit; next request denies immediately
ok 9 - transactional permission locks prevent revoke racing a business commit; next request denies immediately
  ---
  duration_ms: 1776.097832
  type: 'test'
  ...
# Subtest: member/invitation lists respect tenant roles and redact secrets; organization disable invalidates access
ok 10 - member/invitation lists respect tenant roles and redact secrets; organization disable invalidates access
  ---
  duration_ms: 1901.019777
  type: 'test'
  ...
# \# Removed owned test container and anonymous volume: 05339a48b312df53e58689a39261a190d69825419ad22b7889dcdf7c31d03bf0
# (node:558444) Warning: The 'NO_COLOR' env is ignored due to the 'FORCE_COLOR' env being set.
# (Use `node --trace-warnings ...` to show where the warning was created)
# \# Isolated catalog PostgreSQL container: afd7e1caf3c2702d11ea01c4985c99e141beb276ca12d24381cb3d856b797a39
# Subtest: organization catalogs include only live members/deployments; platform-admin power does not bypass private distribution
ok 11 - organization catalogs include only live members/deployments; platform-admin power does not bypass private distribution
  ---
  duration_ms: 7893.344012
  type: 'test'
  ...
# Subtest: selected scope is an explicit union and does not implicitly include author, owner organization or administrators
ok 12 - selected scope is an explicit union and does not implicitly include author, owner organization or administrators
  ---
  duration_ms: 2091.860292
  type: 'test'
  ...
# Subtest: authenticated distribution requires an actual current principal, never a copied or caller-invented identity
ok 13 - authenticated distribution requires an actual current principal, never a copied or caller-invented identity
  ---
  duration_ms: 1508.004912
  type: 'test'
  ...
# Subtest: authorization filtering precedes LIMIT and private rows do not dilute pages or change public cursors
ok 14 - authorization filtering precedes LIMIT and private rows do not dilute pages or change public cursors
  ---
  duration_ms: 3453.184546
  type: 'test'
  ...
# Subtest: download grants bind exact deployment credential, release and manifest; secrets are hashed and unaudited
ok 15 - download grants bind exact deployment credential, release and manifest; secrets are hashed and unaudited
  ---
  duration_ms: 3315.90333
  type: 'test'
  ...
# Subtest: revoked machine credentials and revoked human sessions invalidate already-issued grants
ok 16 - revoked machine credentials and revoked human sessions invalidate already-issued grants
  ---
  duration_ms: 3489.783017
  type: 'test'
  ...
# Subtest: a dependency yank invalidates old parent grants while keeping authorized parent metadata with unavailable marker
ok 17 - a dependency yank invalidates old parent grants while keeping authorized parent metadata with unavailable marker
  ---
  duration_ms: 4028.192369
  type: 'test'
  ...
# Subtest: dependency scope is checked again at old-grant use, including nested dependency closure
ok 18 - dependency scope is checked again at old-grant use, including nested dependency closure
  ---
  duration_ms: 2488.768042
  type: 'test'
  ...
# Subtest: root scope narrowing, yanking and publisher organization disable invalidate old grants without signature mutation
ok 19 - root scope narrowing, yanking and publisher organization disable invalidate old grants without signature mutation
  ---
  duration_ms: 2702.471325
  type: 'test'
  ...
# Subtest: untrusted or corrupted signatures fail closed in list, details and grant issuance
ok 20 - untrusted or corrupted signatures fail closed in list, details and grant issuance
  ---
  duration_ms: 2040.188392
  type: 'test'
  ...
# Subtest: even a valid signature cannot substitute another center, snapshot identity, archive digest or fixed dependency lock
ok 21 - even a valid signature cannot substitute another center, snapshot identity, archive digest or fixed dependency lock
  ---
  duration_ms: 4150.976638
  type: 'test'
  ...
# Subtest: real CAS tampering rejects new grants and previously minted grants before exposing a download stream
ok 22 - real CAS tampering rejects new grants and previously minted grants before exposing a download stream
  ---
  duration_ms: 3558.397639
  type: 'test'
  ...
# Subtest: real clock expiry rejects grants; token syntax, absence and actor mismatch are not authentication substitutes
ok 23 - real clock expiry rejects grants; token syntax, absence and actor mismatch are not authentication substitutes
  ---
  duration_ms: 4972.475101
  type: 'test'
  ...
# Subtest: catalog configuration accepts only bounded public Ed25519 keys and exposes stable public fingerprints
ok 24 - catalog configuration accepts only bounded public Ed25519 keys and exposes stable public fingerprints
  ---
  duration_ms: 2838.957845
  type: 'test'
  ...
# Subtest: public current-release diff cannot leak private baseline file paths, entity IDs or release identity
ok 25 - public current-release diff cannot leak private baseline file paths, entity IDs or release identity
  ---
  duration_ms: 3151.823645
  type: 'test'
  ...
# Subtest: a previously visible diff is suppressed after baseline scope withdrawal or yank; first-version diff remains available
ok 26 - a previously visible diff is suppressed after baseline scope withdrawal or yank; first-version diff remains available
  ---
  duration_ms: 3571.849863
  type: 'test'
  ...
# \# Removed owned test container and anonymous volume: afd7e1caf3c2702d11ea01c4985c99e141beb276ca12d24381cb3d856b797a39
# (node:558936) Warning: The 'NO_COLOR' env is ignored due to the 'FORCE_COLOR' env being set.
# (Use `node --trace-warnings ...` to show where the warning was created)
# \# Isolated center-flow PostgreSQL container: 874ac8e7ad45cd1d77ba2a26b9ff86ac037d9f95ef38e6f28758b87dffae7aff
# \# Removed owned test container and anonymous volume: 874ac8e7ad45cd1d77ba2a26b9ff86ac037d9f95ef38e6f28758b87dffae7aff
# Subtest: HTTP submission, independent review and two machine identities distribute only the approved Git snapshot after the branch moves
ok 27 - HTTP submission, independent review and two machine identities distribute only the approved Git snapshot after the branch moves
  ---
  duration_ms: 15980.461912
  type: 'test'
  ...
# {"approvedCommit":"9d79a67e2362f6d79db4dfa0640f6191b2b6bb08","movedBranchCommit":"9b6a5475fcdf992a85a091a9697029ddff59f297","artifactSha256":"c4b3e156d108df3a4ce56aed9937523640920bff2649a6ca1746dcb60986cd1f","contentTreeSha256":"46b911cffc02b1e4288d283c33b3ac63db080c1a030dbcced24afc8b9136f596","reportSha256":"211e5a349fd683cc3719398516aca184ff746b829da8520643fc5933b36380af","releaseId":"372e7b68-1ffb-45f3-97d0-0913b5ca526a","duplicatePublicationUnchanged":true,"authenticatedHttpDownload":true,"twoMachineIdentityIsolation":true,"oldGrantRejectedAfterYank":true}
# (node:559664) Warning: The 'NO_COLOR' env is ignored due to the 'FORCE_COLOR' env being set.
# (Use `node --trace-warnings ...` to show where the warning was created)
# \# Isolated PostgreSQL container: 29e8fe0db3defca6e443d48ee7755d5e3921c6d858e6f677b2ad2d323813f41d; image: postgres@sha256:f02121de6f74d30d8a94cd1d9584125e2178d7e6c377d8130112d4e52d867995
# \# PostgreSQL server_version: 17.11
# Subtest: configuration requires an independent identity, dedicated DB schema and secure public origin
ok 28 - configuration requires an independent identity, dedicated DB schema and secure public origin
  ---
  duration_ms: 6124.432375
  type: 'test'
  ...
# Subtest: migrations apply transactionally, are concurrent-idempotent and detect changed history
ok 29 - migrations apply transactionally, are concurrent-idempotent and detect changed history
  ---
  duration_ms: 1473.232275
  type: 'test'
  ...
# Subtest: a failed migration leaves neither its partial table nor the newly-created schema
ok 30 - a failed migration leaves neither its partial table nor the newly-created schema
  ---
  duration_ms: 246.541897
  type: 'test'
  ...
# Subtest: service startup validates migration completeness and hashes without applying changes
ok 31 - service startup validates migration completeness and hashes without applying changes
  ---
  duration_ms: 2609.259357
  type: 'test'
  ...
# Subtest: connection URL startup options cannot redirect normal queries to a different schema
ok 32 - connection URL startup options cannot redirect normal queries to a different schema
  ---
  duration_ms: 1296.645205
  type: 'test'
  ...
# Subtest: business state and jobs roll back together, while identity and ownership remain database-enforced
ok 33 - business state and jobs roll back together, while identity and ownership remain database-enforced
  ---
  duration_ms: 1699.569238
  type: 'test'
  ...
# Subtest: snapshots/source are immutable, self-review is refused, and concurrent reviewers commit once
ok 34 - snapshots/source are immutable, self-review is refused, and concurrent reviewers commit once
  ---
  duration_ms: 2134.9063
  type: 'test'
  ...
# Subtest: releases require reviewed bytes, preserve full version uniqueness and immutable signed content after yank
ok 35 - releases require reviewed bytes, preserve full version uniqueness and immutable signed content after yank
  ---
  duration_ms: 1885.343257
  type: 'test'
  ...
# Subtest: deployment credentials cannot gain human roles and audit records cannot be overwritten
ok 36 - deployment credentials cannot gain human roles and audit records cannot be overwritten
  ---
  duration_ms: 1642.938703
  type: 'test'
  ...
# Subtest: concurrent job enqueue is idempotent and claimers use one exclusive lease
ok 37 - concurrent job enqueue is idempotent and claimers use one exclusive lease
  ---
  duration_ms: 2220.543798
  type: 'test'
  ...
# Subtest: expired worker cannot renew/write back; reclaim gets a new fence and durable attempt history
ok 38 - expired worker cannot renew/write back; reclaim gets a new fence and durable attempt history
  ---
  duration_ms: 1739.446107
  type: 'test'
  ...
# Subtest: fenced completion rolls back business writes if the lease expires during the transaction
ok 39 - fenced completion rolls back business writes if the lease expires during the transaction
  ---
  duration_ms: 1919.12248
  type: 'test'
  ...
# Subtest: retry exhaustion and a last-attempt crash become terminal instead of permanently running
ok 40 - retry exhaustion and a last-attempt crash become terminal instead of permanently running
  ---
  duration_ms: 1259.75161
  type: 'test'
  ...
# Subtest: a job committed by an independent Node process is recovered by a new database client
ok 41 - a job committed by an independent Node process is recovered by a new database client
  ---
  duration_ms: 1825.539386
  type: 'test'
  ...
# \# Removed owned test container and its anonymous database volume: 29e8fe0db3defca6e443d48ee7755d5e3921c6d858e6f677b2ad2d323813f41d
# (node:560045) Warning: The 'NO_COLOR' env is ignored due to the 'FORCE_COLOR' env being set.
# (Use `node --trace-warnings ...` to show where the warning was created)
# \# Isolated deployments PostgreSQL container: 52d366cd4c46f29e946acd61aa26351fde9dcaa0882200b70037b2d66ebbcbd0
# Subtest: creation uses current administrator permission; concurrent idempotency creates exactly one deployment
ok 42 - creation uses current administrator permission; concurrent idempotency creates exactly one deployment
  ---
  duration_ms: 9112.445079
  type: 'test'
  ...
# Subtest: cross-tenant administrators, developers and machine principals cannot manage deployments
ok 43 - cross-tenant administrators, developers and machine principals cannot manage deployments
  ---
  duration_ms: 1997.47321
  type: 'test'
  ...
# Subtest: unauthorized deployment management cannot distinguish existing foreign IDs from unknown IDs
ok 44 - unauthorized deployment management cannot distinguish existing foreign IDs from unknown IDs
  ---
  duration_ms: 2187.129371
  type: 'test'
  ...
# Subtest: binding exchange is atomically one-shot; secrets are hashed, never audited, listed or cached for replay
ok 45 - binding exchange is atomically one-shot; secrets are hashed, never audited, listed or cached for replay
  ---
  duration_ms: 2084.985532
  type: 'test'
  ...
# Subtest: issuing a replacement code cancels unconsumed predecessors; expiry and explicit cancellation fail closed
ok 46 - issuing a replacement code cancels unconsumed predecessors; expiry and explicit cancellation fail closed
  ---
  duration_ms: 1687.748716
  type: 'test'
  ...
# Subtest: machine capabilities are service-issued, immutable, current and scoped only to catalog/download
ok 47 - machine capabilities are service-issued, immutable, current and scoped only to catalog/download
  ---
  duration_ms: 1983.269994
  type: 'test'
  ...
# Subtest: credential revocation is idempotent, immediate for old principals and does not revoke unrelated points
ok 48 - credential revocation is idempotent, immediate for old principals and does not revoke unrelated points
  ---
  duration_ms: 2214.252739
  type: 'test'
  ...
# Subtest: credential expiry and organization disable reject both token authentication and already-issued principals
ok 49 - credential expiry and organization disable reject both token authentication and already-issued principals
  ---
  duration_ms: 1802.077904
  type: 'test'
  ...
# Subtest: deployment disable revokes all credentials/codes; optimistic re-enable never resurrects old secrets
ok 50 - deployment disable revokes all credentials/codes; optimistic re-enable never resurrects old secrets
  ---
  duration_ms: 1547.82632
  type: 'test'
  ...
# Subtest: concurrent status updates produce one new state version, not last-writer-wins
ok 51 - concurrent status updates produce one new state version, not last-writer-wins
  ---
  duration_ms: 1735.744112
  type: 'test'
  ...
# Subtest: live administrator/session revocation blocks previously authorized management and idempotent replay
ok 52 - live administrator/session revocation blocks previously authorized management and idempotent replay
  ---
  duration_ms: 1921.901287
  type: 'test'
  ...
# Subtest: authorized transaction fences revocation until commit; following request immediately denies
ok 53 - authorized transaction fences revocation until commit; following request immediately denies
  ---
  duration_ms: 1807.665788
  type: 'test'
  ...
# Subtest: concurrent binding exchange and deployment disable cannot leave a usable credential
ok 54 - concurrent binding exchange and deployment disable cannot leave a usable credential
  ---
  duration_ms: 1409.145042
  type: 'test'
  ...
# Subtest: deployment identity is immutable in PostgreSQL and version increments cannot be skipped
ok 55 - deployment identity is immutable in PostgreSQL and version increments cannot be skipped
  ---
  duration_ms: 1183.992534
  type: 'test'
  ...
# Subtest: list pagination is bounded, tenant-filtered and metadata-only
ok 56 - list pagination is bounded, tenant-filtered and metadata-only
  ---
  duration_ms: 1244.487172
  type: 'test'
  ...
# Subtest: invalid identifiers, bounds, scope-injection and malformed secrets are rejected before any credential mint
ok 57 - invalid identifiers, bounds, scope-injection and malformed secrets are rejected before any credential mint
  ---
  duration_ms: 998.373286
  type: 'test'
  ...
# \# Removed owned test container and anonymous volume: 52d366cd4c46f29e946acd61aa26351fde9dcaa0882200b70037b2d66ebbcbd0
# (node:560357) Warning: The 'NO_COLOR' env is ignored due to the 'FORCE_COLOR' env being set.
# (Use `node --trace-warnings ...` to show where the warning was created)
# \# Isolated distribution-http PostgreSQL container: 2d78b99df7e0f0c2d65c9bb1f2894d9b719f258309f5c677162d7fa5acb5c55a
# Subtest: HTTP admin binds two real host identities, returns credentials only to hosts and refuses browser exchange
ok 58 - HTTP admin binds two real host identities, returns credentials only to hosts and refuses browser exchange
  ---
  duration_ms: 12414.807494
  type: 'test'
  ...
# Subtest: HTTP authorized catalogue and fixed download bytes isolate deployments and reject machine human-mutations
ok 59 - HTTP authorized catalogue and fixed download bytes isolate deployments and reject machine human-mutations
  ---
  duration_ms: 6417.856775
  type: 'test'
  ...
# Subtest: HTTP selected deployment scope hides a release from a same-organization second host
ok 60 - HTTP selected deployment scope hides a release from a same-organization second host
  ---
  duration_ms: 3265.47506
  type: 'test'
  ...
# Subtest: HTTP organization release management is human-only, separately authorized and retains yanked records
ok 61 - HTTP organization release management is human-only, separately authorized and retains yanked records
  ---
  duration_ms: 2537.173641
  type: 'test'
  ...
# Subtest: HTTP scope review and yank invalidate old download grants without changing the signed bytes
ok 62 - HTTP scope review and yank invalidate old download grants without changing the signed bytes
  ---
  duration_ms: 3657.636484
  type: 'test'
  ...
# Subtest: HTTP transport rejects ambiguous auth, browser Bearer, URL grants, range and conditional requests
ok 63 - HTTP transport rejects ambiguous auth, browser Bearer, URL grants, range and conditional requests
  ---
  duration_ms: 3262.024091
  type: 'test'
  ...
# Subtest: HTTP short-lived grants require their original current identity and expiry is enforced
ok 64 - HTTP short-lived grants require their original current identity and expiry is enforced
  ---
  duration_ms: 4271.987434
  type: 'test'
  ...
# Subtest: HTTP fails closed on damaged artifact bytes without leaking private storage paths or grant material
ok 65 - HTTP fails closed on damaged artifact bytes without leaking private storage paths or grant material
  ---
  duration_ms: 3785.708544
  type: 'test'
  ...
# Subtest: HTTP stream read failure destroys transport and source without recording raw exception secrets
ok 66 - HTTP stream read failure destroys transport and source without recording raw exception secrets
  ---
  duration_ms: 2525.262629
  type: 'test'
  ...
# \# Removed owned test container and anonymous volume: 2d78b99df7e0f0c2d65c9bb1f2894d9b719f258309f5c677162d7fa5acb5c55a
# (node:560755) Warning: The 'NO_COLOR' env is ignored due to the 'FORCE_COLOR' env being set.
# (Use `node --trace-warnings ...` to show where the warning was created)
# Subtest: production source gate rejects SSRF variants, credential-bearing URLs and nonliteral refs
ok 67 - production source gate rejects SSRF variants, credential-bearing URLs and nonliteral refs
  ---
  duration_ms: 34.75782
  type: 'test'
  ...
# Subtest: snapshot archive producer cannot exceed publisher/client reader limits, including directory entries
ok 68 - snapshot archive producer cannot exceed publisher/client reader limits, including directory entries
  ---
  duration_ms: 0.921995
  type: 'test'
  ...
# Subtest: all resolved addresses must be public; private DNS answers never spawn a process
ok 69 - all resolved addresses must be public; private DNS answers never spawn a process
  ---
  duration_ms: 1216.78407
  type: 'test'
  ...
# Subtest: real pinned TLS Git transfer freezes raw files, commit, deterministic tar and report; moving ref does not rewrite old snapshot
ok 70 - real pinned TLS Git transfer freezes raw files, commit, deterministic tar and report; moving ref does not rewrite old snapshot
  ---
  duration_ms: 4976.510483
  type: 'test'
  ...
# Subtest: Git subprocesses cannot inherit production secrets, proxies, config, hooks or credential helpers
ok 71 - Git subprocesses cannot inherit production secrets, proxies, config, hooks or credential helpers
  ---
  duration_ms: 2339.123958
  type: 'test'
  ...
# Subtest: an HTTPS redirect is rejected without contacting its target
ok 72 - an HTTPS redirect is rejected without contacting its target
  ---
  duration_ms: 2413.646791
  type: 'test'
  ...
# Subtest: dumb HTTP fallback is rejected before it can follow object alternates
ok 73 - dumb HTTP fallback is rejected before it can follow object alternates
  ---
  duration_ms: 2037.253591
  type: 'test'
  ...
# Subtest: invalid V2 content is frozen for diagnostics but cannot be treated as a valid release
ok 74 - invalid V2 content is frozen for diagnostics but cannot be treated as a valid release
  ---
  duration_ms: 2768.250522
  type: 'test'
  ...
# Subtest: script declarations and internal-only license restrictions are surfaced without execution
ok 75 - script declarations and internal-only license restrictions are surfaced without execution
  ---
  duration_ms: 2787.044985
  type: 'test'
  ...
# Subtest: tracked symlinks and submodule entries are rejected without publication leftovers
    # Subtest: symlink
    ok 1 - symlink
      ---
      duration_ms: 1809.179177
      type: 'test'
      ...
    # Subtest: submodule
    ok 2 - submodule
      ---
      duration_ms: 3815.56963
      type: 'test'
      ...
    1..2
ok 76 - tracked symlinks and submodule entries are rejected without publication leftovers
  ---
  duration_ms: 5625.82273
  type: 'test'
  ...
# Subtest: Git filenames must meet the same safe NFC path contract as release archives
    # Subtest: unsafe:name.txt
    ok 1 - unsafe:name.txt
      ---
      duration_ms: 5244.765384
      type: 'test'
      ...
    # Subtest: é.txt
    ok 2 - é.txt
      ---
      duration_ms: 2325.087861
      type: 'test'
      ...
    1..2
ok 77 - Git filenames must meet the same safe NFC path contract as release archives
  ---
  duration_ms: 7570.614928
  type: 'test'
  ...
# Subtest: preview byte bounds preserve complete UTF-8 code points
ok 78 - preview byte bounds preserve complete UTF-8 code points
  ---
  duration_ms: 3226.123086
  type: 'test'
  ...
# Subtest: file count/bytes, object expansion, diagnostic output and wall time limits fail closed
ok 79 - file count/bytes, object expansion, diagnostic output and wall time limits fail closed
  ---
  duration_ms: 10267.092744
  type: 'test'
  ...
# (node:561958) Warning: The 'NO_COLOR' env is ignored due to the 'FORCE_COLOR' env being set.
# (Use `node --trace-warnings ...` to show where the warning was created)
# \# Isolated operation-locks PostgreSQL container: 3e0c4e126371a699ca45b3cb3f1d76911dc269cb1ee31f5be0a4555cb8275f02
# Subtest: publication retry waits for its operation key without retaining submission or release row locks
ok 80 - publication retry waits for its operation key without retaining submission or release row locks
  ---
  duration_ms: 8789.84355
  type: 'test'
  ...
# Subtest: same actor/key governance and publication retry serialize with one success and one identity conflict, not a deadlock
ok 81 - same actor/key governance and publication retry serialize with one success and one identity conflict, not a deadlock
  ---
  duration_ms: 2276.287969
  type: 'test'
  ...
# Subtest: waiting cross-module retries recheck live authorization before reading an existing idempotency result
ok 82 - waiting cross-module retries recheck live authorization before reading an existing idempotency result
  ---
  duration_ms: 2703.435292
  type: 'test'
  ...
# \# Removed owned test container and anonymous volume: 3e0c4e126371a699ca45b3cb3f1d76911dc269cb1ee31f5be0a4555cb8275f02
# (node:562685) Warning: The 'NO_COLOR' env is ignored due to the 'FORCE_COLOR' env being set.
# (Use `node --trace-warnings ...` to show where the warning was created)
# \# Isolated publisher PostgreSQL container: e883d73709c82df20da230a47002d1ec920abbecbb5eeca36f13d11e7f7bba62
# Subtest: publisher signs approved fixed archive/report without fetching its unreachable Git source
ok 83 - publisher signs approved fixed archive/report without fetching its unreachable Git source
  ---
  duration_ms: 6424.469407
  type: 'test'
  ...
# Subtest: concurrent publishers lease one job and duplicate authorized jobs preserve exact signature and one audit
ok 84 - concurrent publishers lease one job and duplicate authorized jobs preserve exact signature and one audit
  ---
  duration_ms: 2586.198799
  type: 'test'
  ...
# Subtest: publisher rejects missing delivery, invalid reports, wrong pack identity/version and inconsistent tree
ok 85 - publisher rejects missing delivery, invalid reports, wrong pack identity/version and inconsistent tree
  ---
  duration_ms: 12577.462448
  type: 'test'
  ...
# Subtest: CAS archive/report tampering fails closed before a signature is frozen
ok 86 - CAS archive/report tampering fails closed before a signature is frozen
  ---
  duration_ms: 3006.49848
  type: 'test'
  ...
# Subtest: direct dependency must still be published and available to every approved recipient
ok 87 - direct dependency must still be published and available to every approved recipient
  ---
  duration_ms: 7188.891164
  type: 'test'
  ...
# Subtest: a dependency yanked after signature freeze blocks final publication without changing the frozen envelope
ok 88 - a dependency yanked after signature freeze blocks final publication without changing the frozen envelope
  ---
  duration_ms: 1700.571609
  type: 'test'
  ...
# Subtest: transitive dependency narrowing blocks its parent release and builtins require the trusted inventory
ok 89 - transitive dependency narrowing blocks its parent release and builtins require the trusted inventory
  ---
  duration_ms: 5915.861668
  type: 'test'
  ...
# Subtest: frozen envelope survives manifest-store failure and retry cannot rotate key or signature
ok 90 - frozen envelope survives manifest-store failure and retry cannot rotate key or signature
  ---
  duration_ms: 2072.158927
  type: 'test'
  ...
# Subtest: actual process exits after freeze and CAS write resume the identical signature after lease expiry
ok 91 - actual process exits after freeze and CAS write resume the identical signature after lease expiry
  ---
  duration_ms: 7537.573204
  type: 'test'
  ...
# Subtest: publisher uses its explicit private scratch root and refuses an unsafe parent instead of system tmp fallback
ok 92 - publisher uses its explicit private scratch root and refuses an unsafe parent instead of system tmp fallback
  ---
  duration_ms: 2694.478526
  type: 'test'
  ...
# Subtest: a deterministic final-transaction lease fence rolls back publication and its success audit
ok 93 - a deterministic final-transaction lease fence rolls back publication and its success audit
  ---
  duration_ms: 1916.286109
  type: 'test'
  ...
# Subtest: exhausted crashed last attempt reconciles to publish_failed and an authorized new job can recover
ok 94 - exhausted crashed last attempt reconciles to publish_failed and an authorized new job can recover
  ---
  duration_ms: 2342.198349
  type: 'test'
  ...
# Subtest: replayed jobs never undo a yanked release or enlarge its distribution
ok 95 - replayed jobs never undo a yanked release or enlarge its distribution
  ---
  duration_ms: 1892.319321
  type: 'test'
  ...
# Subtest: signing configuration rejects RSA and invalid identifiers without claiming work
ok 96 - signing configuration rejects RSA and invalid identifiers without claiming work
  ---
  duration_ms: 1191.973451
  type: 'test'
  ...
# \# Removed owned test container and anonymous volume: e883d73709c82df20da230a47002d1ec920abbecbb5eeca36f13d11e7f7bba62
# (node:563139) Warning: The 'NO_COLOR' env is ignored due to the 'FORCE_COLOR' env being set.
# (Use `node --trace-warnings ...` to show where the warning was created)
# \# Isolated governance PostgreSQL container: 7fbe91bd81db999f7e9f145c3e924e3838f77117b255ba087c5c5823085db980
# Subtest: organization management lists every release state with stable pagination, independently of download scope
ok 97 - organization management lists every release state with stable pagination, independently of download scope
  ---
  duration_ms: 8206.198832
  type: 'test'
  ...
# Subtest: organization release management checks live human privileges even for empty pages and rejects unsafe pagination
ok 98 - organization release management checks live human privileges even for empty pages and rejects unsafe pagination
  ---
  duration_ms: 2531.907529
  type: 'test'
  ...
# Subtest: distribution requests do not publish scopes; independent approval changes only scope metadata
ok 99 - distribution requests do not publish scopes; independent approval changes only scope metadata
  ---
  duration_ms: 2511.523558
  type: 'test'
  ...
# Subtest: org-admin request, assigned independent reviewer, live authorization and human-only enforcement
ok 100 - org-admin request, assigned independent reviewer, live authorization and human-only enforcement
  ---
  duration_ms: 2110.728527
  type: 'test'
  ...
# Subtest: idempotent retries return committed results only after current authorization; conflicting payload fails
ok 101 - idempotent retries return committed results only after current authorization; conflicting payload fails
  ---
  duration_ms: 2033.560732
  type: 'test'
  ...
# Subtest: concurrent duplicate requests and decisions commit once; stale competing approvals do not broaden scope
ok 102 - concurrent duplicate requests and decisions commit once; stale competing approvals do not broaden scope
  ---
  duration_ms: 2582.148136
  type: 'test'
  ...
# Subtest: concurrent same-request decisions produce one immutable terminal review
ok 103 - concurrent same-request decisions produce one immutable terminal review
  ---
  duration_ms: 2196.80711
  type: 'test'
  ...
# Subtest: operation-key lock precedes release rows, so reused keys cannot deadlock fixed dependency traversal
ok 104 - operation-key lock precedes release rows, so reused keys cannot deadlock fixed dependency traversal
  ---
  duration_ms: 2558.49136
  type: 'test'
  ...
# Subtest: rejected requests preserve scope and cannot be edited or subsequently approved
ok 105 - rejected requests preserve scope and cannot be edited or subsequently approved
  ---
  duration_ms: 1970.411325
  type: 'test'
  ...
# Subtest: selected recipient existence and active status checked both on request and approval
ok 106 - selected recipient existence and active status checked both on request and approval
  ---
  duration_ms: 2179.97204
  type: 'test'
  ...
# Subtest: fixed direct and transitive dependency scopes prevent broadening beyond authorized recipients
ok 107 - fixed direct and transitive dependency scopes prevent broadening beyond authorized recipients
  ---
  duration_ms: 2200.792913
  type: 'test'
  ...
# Subtest: approval rechecks the current locked dependency graph, not request-time scopes or floating versions
ok 108 - approval rechecks the current locked dependency graph, not request-time scopes or floating versions
  ---
  duration_ms: 2999.452151
  type: 'test'
  ...
# Subtest: yanked fixed dependency prevents a previously valid scope approval
ok 109 - yanked fixed dependency prevents a previously valid scope approval
  ---
  duration_ms: 2131.179084
  type: 'test'
  ...
# Subtest: yank is owner-admin/platform-admin only, versioned, irreversible and retains fixed signed content
ok 110 - yank is owner-admin/platform-admin only, versioned, irreversible and retains fixed signed content
  ---
  duration_ms: 2632.136816
  type: 'test'
  ...
# Subtest: yank blocks new scope changes/approvals but permits explicit rejection of an obsolete request
ok 111 - yank blocks new scope changes/approvals but permits explicit rejection of an obsolete request
  ---
  duration_ms: 2025.714482
  type: 'test'
  ...
# Subtest: management reads and review queue expose no credentials and enforce current org/scope isolation
ok 112 - management reads and review queue expose no credentials and enforce current org/scope isolation
  ---
  duration_ms: 2683.380313
  type: 'test'
  ...
# Subtest: inputs are strict and detached before awaits; invalid proposals leave no state
ok 113 - inputs are strict and detached before awaits; invalid proposals leave no state
  ---
  duration_ms: 1681.64251
  type: 'test'
  ...
# \# Removed owned test container and anonymous volume: 7fbe91bd81db999f7e9f145c3e924e3838f77117b255ba087c5c5823085db980
# (node:564954) Warning: The 'NO_COLOR' env is ignored due to the 'FORCE_COLOR' env being set.
# (Use `node --trace-warnings ...` to show where the warning was created)
# Subtest: credential files are explicit, private, bounded regular files; no links or permissive files
ok 114 - credential files are explicit, private, bounded regular files; no links or permissive files
  ---
  duration_ms: 30.700287
  type: 'test'
  ...
# Subtest: Git host allowlist is exact, no wildcards/addresses/ports, and HTTP needs explicit development opt-in
ok 115 - Git host allowlist is exact, no wildcards/addresses/ports, and HTTP needs explicit development opt-in
  ---
  duration_ms: 20.941011
  type: 'test'
  ...
# Subtest: identity process uses a fixed callback and raw encryption key, never a signing key
ok 116 - identity process uses a fixed callback and raw encryption key, never a signing key
  ---
  duration_ms: 16.673917
  type: 'test'
  ...
# Subtest: worker scratch is private; authoritative builtin inventory is explicit and strict
ok 117 - worker scratch is private; authoritative builtin inventory is explicit and strict
  ---
  duration_ms: 8.461351
  type: 'test'
  ...
# Subtest: API verification inventory loads only explicit owned Ed25519 public keys, never publisher private keys
ok 118 - API verification inventory loads only explicit owned Ed25519 public keys, never publisher private keys
  ---
  duration_ms: 812.657848
  type: 'test'
  ...
# (node:564979) Warning: The 'NO_COLOR' env is ignored due to the 'FORCE_COLOR' env being set.
# (Use `node --trace-warnings ...` to show where the warning was created)
# \# Isolated http PostgreSQL container: 4d74875627fb8ea8617885f4592c7c97a7a702260c88fe376d81540412737339
# Subtest: HTTP transport configuration rejects insecure non-loopback and implicit development settings
ok 119 - HTTP transport configuration rejects insecure non-loopback and implicit development settings
  ---
  duration_ms: 6080.268439
  type: 'test'
  ...
# Subtest: HTTP uses real OIDC sessions, production host-only Secure cookies and readable CSRF; logout revokes
ok 120 - HTTP uses real OIDC sessions, production host-only Secure cookies and readable CSRF; logout revokes
  ---
  duration_ms: 1995.362232
  type: 'test'
  ...
# Subtest: HTTP refuses missing/cross Origin, missing/wrong CSRF, preflight and machine-style anonymous writes
ok 121 - HTTP refuses missing/cross Origin, missing/wrong CSRF, preflight and machine-style anonymous writes
  ---
  duration_ms: 1531.894141
  type: 'test'
  ...
# Subtest: callback is browser-bound and never derives origin from spoofed Host or forwarded headers
ok 122 - callback is browser-bound and never derives origin from spoofed Host or forwarded headers
  ---
  duration_ms: 1431.239972
  type: 'test'
  ...
# Subtest: request size/JSON/content-type errors are safe, no-store and secret-free even in failure audit
ok 123 - request size/JSON/content-type errors are safe, no-store and secret-free even in failure audit
  ---
  duration_ms: 969.566735
  type: 'test'
  ...
# Subtest: developer HTTP create/edit/validate is idempotent, requires versions, and prevents cross-organization access
ok 124 - developer HTTP create/edit/validate is idempotent, requires versions, and prevents cross-organization access
  ---
  duration_ms: 2085.161059
  type: 'test'
  ...
# Subtest: admin membership/scope routes are enforced live; reviewer queue works across organizations and self-review is denied
ok 125 - admin membership/scope routes are enforced live; reviewer queue works across organizations and self-review is denied
  ---
  duration_ms: 1938.716999
  type: 'test'
  ...
# \# Removed owned test container and anonymous volume: 4d74875627fb8ea8617885f4592c7c97a7a702260c88fe376d81540412737339
# (node:564993) Warning: The 'NO_COLOR' env is ignored due to the 'FORCE_COLOR' env being set.
# (Use `node --trace-warnings ...` to show where the warning was created)
# Subtest: local adapter stores canonical JSON and private immutable content-addressed files
ok 126 - local adapter stores canonical JSON and private immutable content-addressed files
  ---
  duration_ms: 87.646346
  type: 'test'
  ...
# Subtest: file copy is streamed, expected hash is enforced, and equal content is reused without inode replacement
ok 127 - file copy is streamed, expected hash is enforced, and equal content is reused without inode replacement
  ---
  duration_ms: 948.169756
  type: 'test'
  ...
# Subtest: 24 concurrent writers converge on one immutable object and independent keys remain independent
ok 128 - 24 concurrent writers converge on one immutable object and independent keys remain independent
  ---
  duration_ms: 134.508565
  type: 'test'
  ...
# Subtest: independent processes publish the same key without locks, overwrite, or temporary hard links
ok 129 - independent processes publish the same key without locks, overwrite, or temporary hard links
  ---
  duration_ms: 1550.058301
  type: 'test'
  ...
# Subtest: source digest mismatch and excessive file/JSON input never publish or leave owned staging
ok 130 - source digest mismatch and excessive file/JSON input never publish or leave owned staging
  ---
  duration_ms: 146.825623
  type: 'test'
  ...
# Subtest: per-request limits can tighten but never relax store limits; empty files work
ok 131 - per-request limits can tighten but never relax store limits; empty files work
  ---
  duration_ms: 202.912011
  type: 'test'
  ...
# Subtest: fixed keys reject traversal, encoded paths, uppercase hashes, NUL, and trailing newline
ok 132 - fixed keys reject traversal, encoded paths, uppercase hashes, NUL, and trailing newline
  ---
  duration_ms: 63.1732
  type: 'test'
  ...
# Subtest: store refuses public/symlink roots and parent symlinks, without changing existing permissions
ok 133 - store refuses public/symlink roots and parent symlinks, without changing existing permissions
  ---
  duration_ms: 89.933024
  type: 'test'
  ...
# Subtest: source symbolic/hard links and nonregular files are rejected
ok 134 - source symbolic/hard links and nonregular files are rejected
  ---
  duration_ms: 184.46546
  type: 'test'
  ...
# Subtest: existing corrupt objects cannot be downloaded or overwritten by an otherwise valid retry
ok 135 - existing corrupt objects cannot be downloaded or overwritten by an otherwise valid retry
  ---
  duration_ms: 185.939532
  type: 'test'
  ...
# Subtest: invalid existing empty object directories are not repaired or replaced silently
ok 136 - invalid existing empty object directories are not repaired or replaced silently
  ---
  duration_ms: 84.616127
  type: 'test'
  ...
# Subtest: stored symlinks, hardlinks and writable blobs fail closed
ok 137 - stored symlinks, hardlinks and writable blobs fail closed
  ---
  duration_ms: 200.267211
  type: 'test'
  ...
# Subtest: an opened stream stays on its verified FD and rejects post-verification mutation
ok 138 - an opened stream stays on its verified FD and rejects post-verification mutation
  ---
  duration_ms: 126.775161
  type: 'test'
  ...
# Subtest: crash before publish leaves no visible object; crash after publish leaves a complete verified object
ok 139 - crash before publish leaves no visible object; crash after publish leaves a complete verified object
  ---
  duration_ms: 1323.825335
  type: 'test'
  ...
# Subtest: thrown publish fault preserves committed object and retry is idempotent
ok 140 - thrown publish fault preserves committed object and retry is idempotent
  ---
  duration_ms: 53.983591
  type: 'test'
  ...
# Subtest: JSON contract rejects ambiguous noncanonical payloads before storing
ok 141 - JSON contract rejects ambiguous noncanonical payloads before storing
  ---
  duration_ms: 9.055555
  type: 'test'
  ...
# (node:565628) Warning: The 'NO_COLOR' env is ignored due to the 'FORCE_COLOR' env being set.
# (Use `node --trace-warnings ...` to show where the warning was created)
# \# Isolated submissions PostgreSQL container: 468fac73e51aa942948ae114d3c63de7d2f03507f2057b4141e76709790cf61f
# Subtest: create detaches input, enforces ownership, validates source and deduplicates retries
ok 142 - create detaches input, enforces ownership, validates source and deduplicates retries
  ---
  duration_ms: 7930.58325
  type: 'test'
  ...
# Subtest: draft editing is versioned; validation atomically enqueues once and freezes reviewed fields
ok 143 - draft editing is versioned; validation atomically enqueues once and freezes reviewed fields
  ---
  duration_ms: 2223.930491
  type: 'test'
  ...
# Subtest: private read/list isolation, cross-org scoped review queue and live revocation
ok 144 - private read/list isolation, cross-org scoped review queue and live revocation
  ---
  duration_ms: 2801.457834
  type: 'test'
  ...
# Subtest: invalid or digest-mismatched reports cannot be submitted, even if database status says validated
ok 145 - invalid or digest-mismatched reports cannot be submitted, even if database status says validated
  ---
  duration_ms: 2551.375808
  type: 'test'
  ...
# Subtest: self-review and machine/forged principals are rejected; stale version/digest never reserve releases
ok 146 - self-review and machine/forged principals are rejected; stale version/digest never reserve releases
  ---
  duration_ms: 1545.737919
  type: 'test'
  ...
# Subtest: concurrent reviewers produce exactly one decision/release/outbox; retry returns the same immutable target
ok 147 - concurrent reviewers produce exactly one decision/release/outbox; retry returns the same immutable target
  ---
  duration_ms: 1982.72683
  type: 'test'
  ...
# Subtest: two approved candidates for one version roll the losing review back; later version creates a fresh immutable revision
ok 148 - two approved candidates for one version roll the losing review back; later version creates a fresh immutable revision
  ---
  duration_ms: 2680.488196
  type: 'test'
  ...
# Subtest: changes requested and withdrawal retain fixed snapshots and comments; rework is a separate submission
ok 149 - changes requested and withdrawal retain fixed snapshots and comments; rework is a separate submission
  ---
  duration_ms: 2240.030827
  type: 'test'
  ...
# Subtest: publication failures are visible and only authorized reviewers/admins can retry the exact approved snapshot once
ok 150 - publication failures are visible and only authorized reviewers/admins can retry the exact approved snapshot once
  ---
  duration_ms: 2285.318615
  type: 'test'
  ...
# \# Removed owned test container and anonymous volume: 468fac73e51aa942948ae114d3c63de7d2f03507f2057b4141e76709790cf61f
# (node:565904) Warning: The 'NO_COLOR' env is ignored due to the 'FORCE_COLOR' env being set.
# (Use `node --trace-warnings ...` to show where the warning was created)
# \# Isolated validation-worker PostgreSQL container: 2317b88fb0cce0712c6b27952ecd51fd08a38482c3137f340c0a6bf32bb4e3d9
# Subtest: real Git -> verified CAS -> immutable PostgreSQL snapshot; no further fetch after completion
ok 151 - real Git -> verified CAS -> immutable PostgreSQL snapshot; no further fetch after completion
  ---
  duration_ms: 7326.633352
  type: 'test'
  ...
# Subtest: invalid content and mismatched version retain diagnostic archive but never become validated
    # Subtest: invalid
    ok 1 - invalid
      ---
      duration_ms: 4970.539289
      type: 'test'
      ...
    # Subtest: identity
    ok 2 - identity
      ---
      duration_ms: 3850.358326
      type: 'test'
      ...
    1..2
ok 152 - invalid content and mismatched version retain diagnostic archive but never become validated
  ---
  duration_ms: 8821.841571
  type: 'test'
  ...
# Subtest: fixed dependency graph and exact built-in inventory are recorded before review
ok 153 - fixed dependency graph and exact built-in inventory are recorded before review
  ---
  duration_ms: 4039.071648
  type: 'test'
  ...
# Subtest: dependency visibility, scope expansion, missing declarations and unconfigured built-ins fail validation
    # Subtest: scope-expansion
    ok 1 - scope-expansion
      ---
      duration_ms: 3539.059877
      type: 'test'
      ...
    # Subtest: private-dependency
    ok 2 - private-dependency
      ---
      duration_ms: 3158.87482
      type: 'test'
      ...
    # Subtest: missing-lock
    ok 3 - missing-lock
      ---
      duration_ms: 2102.672723
      type: 'test'
      ...
    # Subtest: builtin-unknown
    ok 4 - builtin-unknown
      ---
      duration_ms: 2092.018271
      type: 'test'
      ...
    1..4
ok 154 - dependency visibility, scope expansion, missing declarations and unconfigured built-ins fail validation
  ---
  duration_ms: 10895.604639
  type: 'test'
  ...
# Subtest: transitive dependency cycles and conflicting versions cannot become a frozen lock
ok 155 - transitive dependency cycles and conflicting versions cannot become a frozen lock
  ---
  duration_ms: 3205.334527
  type: 'test'
  ...
# Subtest: selected recipients are checked as exact deployment/org sets, not inferred owner access
ok 156 - selected recipients are checked as exact deployment/org sets, not inferred owner access
  ---
  duration_ms: 2951.68027
  type: 'test'
  ...
# Subtest: two workers claim once while heartbeat prevents a slow active fetch from being stolen
ok 157 - two workers claim once while heartbeat prevents a slow active fetch from being stolen
  ---
  duration_ms: 3692.364628
  type: 'test'
  ...
# Subtest: stale worker cannot commit after a newer claim has obtained the fence
ok 158 - stale worker cannot commit after a newer claim has obtained the fence
  ---
  duration_ms: 2762.462062
  type: 'test'
  ...
# Subtest: CAS write failure cannot attach a missing snapshot; errors are sanitized and final crash is reconciled
ok 159 - CAS write failure cannot attach a missing snapshot; errors are sanitized and final crash is reconciled
  ---
  duration_ms: 2305.879132
  type: 'test'
  ...
# Subtest: review diff uses last published snapshot for changed/removed files and entity removals
ok 160 - review diff uses last published snapshot for changed/removed files and entity removals
  ---
  duration_ms: 1884.809737
  type: 'test'
  ...
# Subtest: historical snapshots without an entity inventory are unverified, not empty or unchanged
    # Subtest: missing
    ok 1 - missing
      ---
      duration_ms: 2018.168175
      type: 'test'
      ...
    # Subtest: []
    ok 2 - []
      ---
      duration_ms: 2032.196271
      type: 'test'
      ...
    # Subtest: {"experts":"not-an-array"}
    ok 3 - {"experts":"not-an-array"}
      ---
      duration_ms: 1579.463675
      type: 'test'
      ...
    1..3
ok 161 - historical snapshots without an entity inventory are unverified, not empty or unchanged
  ---
  duration_ms: 5631.670771
  type: 'test'
  ...
# \# Removed owned test container and anonymous volume: 2317b88fb0cce0712c6b27952ecd51fd08a38482c3137f340c0a6bf32bb4e3d9
# (node:567285) Warning: The 'NO_COLOR' env is ignored due to the 'FORCE_COLOR' env being set.
# (Use `node --trace-warnings ...` to show where the warning was created)
# \# Isolated web-http PostgreSQL container: 5bf009b279b6fff41199a83bf0050bb38378b750a34e9cc3fc21c836ca0a7526
# \# Removed owned test container and anonymous volume: 5bf009b279b6fff41199a83bf0050bb38378b750a34e9cc3fc21c836ca0a7526
# Subtest: real HTTP serves a finite CSP-safe web shell without exposing server files, and OIDC callback negotiates only a fixed redirect
ok 162 - real HTTP serves a finite CSP-safe web shell without exposing server files, and OIDC callback negotiates only a fixed redirect
  ---
  duration_ms: 8814.766859
  type: 'test'
  ...
1..162
# tests 175
# suites 0
# pass 175
# fail 0
# cancelled 0
# skipped 0
# todo 0
# duration_ms 259586.154052
